// Jest Snapshot v1, https://goo.gl/fbAQLP

exports[`renders component 1`] = `
<Page>
  <Text>
    Made by 
    <a
      href="https://github.com/mcclowes"
    >
      @mcclowes
    </a>
  </Text>
</Page>
`;
