// Jest Snapshot v1, https://goo.gl/fbAQLP

exports[`renders component 1`] = `<Alt />`;
